// Jest Snapshot v1, https://goo.gl/fbAQLP

exports[`AtTag.jsx snapshot test 1`] = `
<view>
  <text>
    AtTag
  </text>
</view>
`;
